// Jest Snapshot v1, https://goo.gl/fbAQLP

exports[`Calendar Match with snapshot 1`] = `
<View
  style={
    [
      {
        "justifyContent": "flex-start",
      },
      {
        "width": "100%",
      },
      {
        "paddingBottom": 4,
        "paddingTop": 4,
      },
      {
        "paddingLeft": 8,
        "paddingRight": 8,
      },
    ]
  }
>
  <View
    style={
      [
        {
          "flexDirection": "row",
        },
        {
          "justifyContent": "space-between",
        },
        {
          "alignItems": "center",
        },
        {
          "paddingLeft": 8,
          "paddingRight": 8,
        },
      ]
    }
  >
    <View
      accessibilityState={
        {
          "busy": undefined,
          "checked": undefined,
          "disabled": false,
          "expanded": undefined,
          "selected": undefined,
        }
      }
      accessibilityValue={
        {
          "max": undefined,
          "min": undefined,
          "now": undefined,
          "text": undefined,
        }
      }
      accessible={true}
      collapsable={false}
      focusable={true}
      onClick={[Function]}
      onResponderGrant={[Function]}
      onResponderMove={[Function]}
      onResponderRelease={[Function]}
      onResponderTerminate={[Function]}
      onResponderTerminationRequest={[Function]}
      onStartShouldSetResponder={[Function]}
      style={
        {
          "borderBottomColor": "#3763A4",
          "borderBottomLeftRadius": 6,
          "borderBottomRightRadius": 6,
          "borderBottomWidth": 2,
          "borderLeftColor": "#3763A4",
          "borderLeftWidth": 2,
          "borderRightColor": "#3763A4",
          "borderRightWidth": 2,
          "borderTopColor": "#3763A4",
          "borderTopLeftRadius": 6,
          "borderTopRightRadius": 6,
          "borderTopWidth": 2,
          "opacity": 1,
          "paddingBottom": 4,
          "paddingLeft": 4,
          "paddingRight": 4,
          "paddingTop": 4,
        }
      }
    >
      <RNSVGSvgView
        align="xMidYMid"
        bbHeight="24"
        bbWidth="24"
        color="#3763A4"
        focusable={false}
        height={24}
        meetOrSlice={0}
        minX={0}
        minY={0}
        size={24}
        style={
          [
            {
              "backgroundColor": "transparent",
              "borderWidth": 0,
            },
            [
              undefined,
              undefined,
              {},
            ],
            {
              "flex": 0,
              "height": 24,
              "width": 24,
            },
          ]
        }
        tintColor="#3763A4"
        vbHeight={256}
        vbWidth={256}
        width={24}
      >
        <RNSVGGroup>
          <RNSVGRect
            fill={null}
            height="256"
            propList={
              [
                "fill",
              ]
            }
            width="256"
            x="0"
            y="0"
          />
          <RNSVGPath
            d="M160 208 80 128 160 48"
            fill={null}
            propList={
              [
                "fill",
                "stroke",
                "strokeWidth",
                "strokeLinecap",
                "strokeLinejoin",
              ]
            }
            stroke={
              {
                "payload": 4281820068,
                "type": 0,
              }
            }
            strokeLinecap={1}
            strokeLinejoin={1}
            strokeWidth="16"
          />
        </RNSVGGroup>
      </RNSVGSvgView>
    </View>
    <Text
      style={
        [
          {
            "flexBasis": "0%",
            "flexGrow": 1,
            "flexShrink": 1,
          },
          {
            "textTransform": "capitalize",
          },
          {
            "paddingBottom": 4,
            "paddingTop": 4,
          },
          {
            "paddingLeft": 16,
            "paddingRight": 16,
          },
          {
            "backgroundColor": "#6B8CC9",
          },
          {
            "borderBottomLeftRadius": 9999,
            "borderBottomRightRadius": 9999,
            "borderTopLeftRadius": 9999,
            "borderTopRightRadius": 9999,
          },
          {
            "color": "#F8F9FA",
          },
          {
            "textAlign": "center",
          },
          {
            "marginLeft": 16,
            "marginRight": 16,
          },
          {
            "fontWeight": "700",
          },
        ]
      }
    >
      julho
    </Text>
    <View
      accessibilityState={
        {
          "busy": undefined,
          "checked": undefined,
          "disabled": undefined,
          "expanded": undefined,
          "selected": undefined,
        }
      }
      accessibilityValue={
        {
          "max": undefined,
          "min": undefined,
          "now": undefined,
          "text": undefined,
        }
      }
      accessible={true}
      collapsable={false}
      focusable={true}
      onClick={[Function]}
      onResponderGrant={[Function]}
      onResponderMove={[Function]}
      onResponderRelease={[Function]}
      onResponderTerminate={[Function]}
      onResponderTerminationRequest={[Function]}
      onStartShouldSetResponder={[Function]}
      style={
        {
          "borderBottomColor": "#3763A4",
          "borderBottomLeftRadius": 6,
          "borderBottomRightRadius": 6,
          "borderBottomWidth": 2,
          "borderLeftColor": "#3763A4",
          "borderLeftWidth": 2,
          "borderRightColor": "#3763A4",
          "borderRightWidth": 2,
          "borderTopColor": "#3763A4",
          "borderTopLeftRadius": 6,
          "borderTopRightRadius": 6,
          "borderTopWidth": 2,
          "opacity": 1,
          "paddingBottom": 4,
          "paddingLeft": 4,
          "paddingRight": 4,
          "paddingTop": 4,
        }
      }
    >
      <RNSVGSvgView
        align="xMidYMid"
        bbHeight="24"
        bbWidth="24"
        color="#3763A4"
        focusable={false}
        height={24}
        meetOrSlice={0}
        minX={0}
        minY={0}
        size={24}
        style={
          [
            {
              "backgroundColor": "transparent",
              "borderWidth": 0,
            },
            [
              undefined,
              undefined,
              {},
            ],
            {
              "flex": 0,
              "height": 24,
              "width": 24,
            },
          ]
        }
        tintColor="#3763A4"
        vbHeight={256}
        vbWidth={256}
        width={24}
      >
        <RNSVGGroup>
          <RNSVGRect
            fill={null}
            height="256"
            propList={
              [
                "fill",
              ]
            }
            width="256"
            x="0"
            y="0"
          />
          <RNSVGPath
            d="M96 48 176 128 96 208"
            fill={null}
            propList={
              [
                "fill",
                "stroke",
                "strokeWidth",
                "strokeLinecap",
                "strokeLinejoin",
              ]
            }
            stroke={
              {
                "payload": 4281820068,
                "type": 0,
              }
            }
            strokeLinecap={1}
            strokeLinejoin={1}
            strokeWidth="16"
          />
        </RNSVGGroup>
      </RNSVGSvgView>
    </View>
  </View>
  <View
    style={
      [
        {
          "width": "100%",
        },
        {
          "marginLeft": -2,
          "marginTop": -2,
        },
      ]
    }
  >
    <View
      style={
        [
          {
            "flexDirection": "row",
          },
          {
            "justifyContent": "center",
          },
          {
            "marginLeft": -12,
          },
          [
            {
              "marginLeft": 2,
              "marginTop": 2,
            },
          ],
        ]
      }
    >
      <Text
        style={
          [
            {
              "width": 32,
            },
            {
              "textAlign": "center",
            },
            {
              "fontWeight": "700",
            },
            {
              "color": "#223C5E",
            },
            [
              {
                "marginLeft": 12,
              },
            ],
          ]
        }
      >
        dom
      </Text>
      <Text
        style={
          [
            {
              "width": 32,
            },
            {
              "textAlign": "center",
            },
            {
              "fontWeight": "700",
            },
            {
              "color": "#223C5E",
            },
            [
              {
                "marginLeft": 12,
              },
            ],
          ]
        }
      >
        seg
      </Text>
      <Text
        style={
          [
            {
              "width": 32,
            },
            {
              "textAlign": "center",
            },
            {
              "fontWeight": "700",
            },
            {
              "color": "#223C5E",
            },
            [
              {
                "marginLeft": 12,
              },
            ],
          ]
        }
      >
        ter
      </Text>
      <Text
        style={
          [
            {
              "width": 32,
            },
            {
              "textAlign": "center",
            },
            {
              "fontWeight": "700",
            },
            {
              "color": "#223C5E",
            },
            [
              {
                "marginLeft": 12,
              },
            ],
          ]
        }
      >
        qua
      </Text>
      <Text
        style={
          [
            {
              "width": 32,
            },
            {
              "textAlign": "center",
            },
            {
              "fontWeight": "700",
            },
            {
              "color": "#223C5E",
            },
            [
              {
                "marginLeft": 12,
              },
            ],
          ]
        }
      >
        qui
      </Text>
      <Text
        style={
          [
            {
              "width": 32,
            },
            {
              "textAlign": "center",
            },
            {
              "fontWeight": "700",
            },
            {
              "color": "#223C5E",
            },
            [
              {
                "marginLeft": 12,
              },
            ],
          ]
        }
      >
        sex
      </Text>
      <Text
        style={
          [
            {
              "width": 32,
            },
            {
              "textAlign": "center",
            },
            {
              "fontWeight": "700",
            },
            {
              "color": "#223C5E",
            },
            [
              {
                "marginLeft": 12,
              },
            ],
          ]
        }
      >
        sab
      </Text>
    </View>
    <View
      style={
        [
          {
            "flexDirection": "row",
          },
          {
            "marginLeft": -12,
          },
          {
            "marginTop": -4,
          },
          {
            "justifyContent": "center",
          },
          [
            {
              "marginLeft": 2,
              "marginTop": 2,
            },
          ],
        ]
      }
    >
      <View
        accessibilityState={
          {
            "busy": undefined,
            "checked": undefined,
            "disabled": false,
            "expanded": undefined,
            "selected": undefined,
          }
        }
        accessibilityValue={
          {
            "max": undefined,
            "min": undefined,
            "now": undefined,
            "text": undefined,
          }
        }
        accessible={true}
        collapsable={false}
        focusable={true}
        onClick={[Function]}
        onResponderGrant={[Function]}
        onResponderMove={[Function]}
        onResponderRelease={[Function]}
        onResponderTerminate={[Function]}
        onResponderTerminationRequest={[Function]}
        onStartShouldSetResponder={[Function]}
        style={
          {
            "alignItems": "center",
            "backgroundColor": "#C1D1EA",
            "borderBottomLeftRadius": 6,
            "borderBottomRightRadius": 6,
            "borderTopLeftRadius": 6,
            "borderTopRightRadius": 6,
            "height": 32,
            "justifyContent": "center",
            "marginLeft": 12,
            "marginTop": 4,
            "opacity": 1,
            "width": 32,
          }
        }
      >
        <Text
          style={
            [
              {
                "color": "#0D141F",
              },
            ]
          }
        >
          25
        </Text>
      </View>
      <View
        accessibilityState={
          {
            "busy": undefined,
            "checked": undefined,
            "disabled": false,
            "expanded": undefined,
            "selected": undefined,
          }
        }
        accessibilityValue={
          {
            "max": undefined,
            "min": undefined,
            "now": undefined,
            "text": undefined,
          }
        }
        accessible={true}
        collapsable={false}
        focusable={true}
        onClick={[Function]}
        onResponderGrant={[Function]}
        onResponderMove={[Function]}
        onResponderRelease={[Function]}
        onResponderTerminate={[Function]}
        onResponderTerminationRequest={[Function]}
        onStartShouldSetResponder={[Function]}
        style={
          {
            "alignItems": "center",
            "backgroundColor": "#C1D1EA",
            "borderBottomLeftRadius": 6,
            "borderBottomRightRadius": 6,
            "borderTopLeftRadius": 6,
            "borderTopRightRadius": 6,
            "height": 32,
            "justifyContent": "center",
            "marginLeft": 12,
            "marginTop": 4,
            "opacity": 1,
            "width": 32,
          }
        }
      >
        <Text
          style={
            [
              {
                "color": "#0D141F",
              },
            ]
          }
        >
          26
        </Text>
      </View>
      <View
        accessibilityState={
          {
            "busy": undefined,
            "checked": undefined,
            "disabled": false,
            "expanded": undefined,
            "selected": undefined,
          }
        }
        accessibilityValue={
          {
            "max": undefined,
            "min": undefined,
            "now": undefined,
            "text": undefined,
          }
        }
        accessible={true}
        collapsable={false}
        focusable={true}
        onClick={[Function]}
        onResponderGrant={[Function]}
        onResponderMove={[Function]}
        onResponderRelease={[Function]}
        onResponderTerminate={[Function]}
        onResponderTerminationRequest={[Function]}
        onStartShouldSetResponder={[Function]}
        style={
          {
            "alignItems": "center",
            "backgroundColor": "#C1D1EA",
            "borderBottomLeftRadius": 6,
            "borderBottomRightRadius": 6,
            "borderTopLeftRadius": 6,
            "borderTopRightRadius": 6,
            "height": 32,
            "justifyContent": "center",
            "marginLeft": 12,
            "marginTop": 4,
            "opacity": 1,
            "width": 32,
          }
        }
      >
        <Text
          style={
            [
              {
                "color": "#0D141F",
              },
            ]
          }
        >
          27
        </Text>
      </View>
      <View
        accessibilityState={
          {
            "busy": undefined,
            "checked": undefined,
            "disabled": false,
            "expanded": undefined,
            "selected": undefined,
          }
        }
        accessibilityValue={
          {
            "max": undefined,
            "min": undefined,
            "now": undefined,
            "text": undefined,
          }
        }
        accessible={true}
        collapsable={false}
        focusable={true}
        onClick={[Function]}
        onResponderGrant={[Function]}
        onResponderMove={[Function]}
        onResponderRelease={[Function]}
        onResponderTerminate={[Function]}
        onResponderTerminationRequest={[Function]}
        onStartShouldSetResponder={[Function]}
        style={
          {
            "alignItems": "center",
            "backgroundColor": "#C1D1EA",
            "borderBottomLeftRadius": 6,
            "borderBottomRightRadius": 6,
            "borderTopLeftRadius": 6,
            "borderTopRightRadius": 6,
            "height": 32,
            "justifyContent": "center",
            "marginLeft": 12,
            "marginTop": 4,
            "opacity": 1,
            "width": 32,
          }
        }
      >
        <Text
          style={
            [
              {
                "color": "#0D141F",
              },
            ]
          }
        >
          28
        </Text>
      </View>
      <View
        accessibilityState={
          {
            "busy": undefined,
            "checked": undefined,
            "disabled": false,
            "expanded": undefined,
            "selected": undefined,
          }
        }
        accessibilityValue={
          {
            "max": undefined,
            "min": undefined,
            "now": undefined,
            "text": undefined,
          }
        }
        accessible={true}
        collapsable={false}
        focusable={true}
        onClick={[Function]}
        onResponderGrant={[Function]}
        onResponderMove={[Function]}
        onResponderRelease={[Function]}
        onResponderTerminate={[Function]}
        onResponderTerminationRequest={[Function]}
        onStartShouldSetResponder={[Function]}
        style={
          {
            "alignItems": "center",
            "backgroundColor": "#C1D1EA",
            "borderBottomLeftRadius": 6,
            "borderBottomRightRadius": 6,
            "borderTopLeftRadius": 6,
            "borderTopRightRadius": 6,
            "height": 32,
            "justifyContent": "center",
            "marginLeft": 12,
            "marginTop": 4,
            "opacity": 1,
            "width": 32,
          }
        }
      >
        <Text
          style={
            [
              {
                "color": "#0D141F",
              },
            ]
          }
        >
          29
        </Text>
      </View>
      <View
        accessibilityState={
          {
            "busy": undefined,
            "checked": undefined,
            "disabled": false,
            "expanded": undefined,
            "selected": undefined,
          }
        }
        accessibilityValue={
          {
            "max": undefined,
            "min": undefined,
            "now": undefined,
            "text": undefined,
          }
        }
        accessible={true}
        collapsable={false}
        focusable={true}
        onClick={[Function]}
        onResponderGrant={[Function]}
        onResponderMove={[Function]}
        onResponderRelease={[Function]}
        onResponderTerminate={[Function]}
        onResponderTerminationRequest={[Function]}
        onStartShouldSetResponder={[Function]}
        style={
          {
            "alignItems": "center",
            "backgroundColor": "#C1D1EA",
            "borderBottomLeftRadius": 6,
            "borderBottomRightRadius": 6,
            "borderTopLeftRadius": 6,
            "borderTopRightRadius": 6,
            "height": 32,
            "justifyContent": "center",
            "marginLeft": 12,
            "marginTop": 4,
            "opacity": 1,
            "width": 32,
          }
        }
      >
        <Text
          style={
            [
              {
                "color": "#0D141F",
              },
            ]
          }
        >
          30
        </Text>
      </View>
      <View
        accessibilityState={
          {
            "busy": undefined,
            "checked": undefined,
            "disabled": false,
            "expanded": undefined,
            "selected": undefined,
          }
        }
        accessibilityValue={
          {
            "max": undefined,
            "min": undefined,
            "now": undefined,
            "text": undefined,
          }
        }
        accessible={true}
        collapsable={false}
        focusable={true}
        onClick={[Function]}
        onResponderGrant={[Function]}
        onResponderMove={[Function]}
        onResponderRelease={[Function]}
        onResponderTerminate={[Function]}
        onResponderTerminationRequest={[Function]}
        onStartShouldSetResponder={[Function]}
        style={
          {
            "alignItems": "center",
            "backgroundColor": "#C1D1EA",
            "borderBottomLeftRadius": 6,
            "borderBottomRightRadius": 6,
            "borderTopLeftRadius": 6,
            "borderTopRightRadius": 6,
            "height": 32,
            "justifyContent": "center",
            "marginLeft": 12,
            "marginTop": 4,
            "opacity": 1,
            "width": 32,
          }
        }
      >
        <Text
          style={
            [
              {
                "color": "#0D141F",
              },
            ]
          }
        >
          1
        </Text>
      </View>
    </View>
    <View
      style={
        [
          {
            "flexDirection": "row",
          },
          {
            "marginLeft": -12,
          },
          {
            "marginTop": -4,
          },
          {
            "justifyContent": "center",
          },
          [
            {
              "marginLeft": 2,
              "marginTop": 2,
            },
          ],
        ]
      }
    >
      <View
        accessibilityState={
          {
            "busy": undefined,
            "checked": undefined,
            "disabled": false,
            "expanded": undefined,
            "selected": undefined,
          }
        }
        accessibilityValue={
          {
            "max": undefined,
            "min": undefined,
            "now": undefined,
            "text": undefined,
          }
        }
        accessible={true}
        collapsable={false}
        focusable={true}
        onClick={[Function]}
        onResponderGrant={[Function]}
        onResponderMove={[Function]}
        onResponderRelease={[Function]}
        onResponderTerminate={[Function]}
        onResponderTerminationRequest={[Function]}
        onStartShouldSetResponder={[Function]}
        style={
          {
            "alignItems": "center",
            "backgroundColor": "#C1D1EA",
            "borderBottomLeftRadius": 6,
            "borderBottomRightRadius": 6,
            "borderTopLeftRadius": 6,
            "borderTopRightRadius": 6,
            "height": 32,
            "justifyContent": "center",
            "marginLeft": 12,
            "marginTop": 4,
            "opacity": 1,
            "width": 32,
          }
        }
      >
        <Text
          style={
            [
              {
                "color": "#0D141F",
              },
            ]
          }
        >
          2
        </Text>
      </View>
      <View
        accessibilityState={
          {
            "busy": undefined,
            "checked": undefined,
            "disabled": false,
            "expanded": undefined,
            "selected": undefined,
          }
        }
        accessibilityValue={
          {
            "max": undefined,
            "min": undefined,
            "now": undefined,
            "text": undefined,
          }
        }
        accessible={true}
        collapsable={false}
        focusable={true}
        onClick={[Function]}
        onResponderGrant={[Function]}
        onResponderMove={[Function]}
        onResponderRelease={[Function]}
        onResponderTerminate={[Function]}
        onResponderTerminationRequest={[Function]}
        onStartShouldSetResponder={[Function]}
        style={
          {
            "alignItems": "center",
            "backgroundColor": "#C1D1EA",
            "borderBottomLeftRadius": 6,
            "borderBottomRightRadius": 6,
            "borderTopLeftRadius": 6,
            "borderTopRightRadius": 6,
            "height": 32,
            "justifyContent": "center",
            "marginLeft": 12,
            "marginTop": 4,
            "opacity": 1,
            "width": 32,
          }
        }
      >
        <Text
          style={
            [
              {
                "color": "#0D141F",
              },
            ]
          }
        >
          3
        </Text>
      </View>
      <View
        accessibilityState={
          {
            "busy": undefined,
            "checked": undefined,
            "disabled": false,
            "expanded": undefined,
            "selected": undefined,
          }
        }
        accessibilityValue={
          {
            "max": undefined,
            "min": undefined,
            "now": undefined,
            "text": undefined,
          }
        }
        accessible={true}
        collapsable={false}
        focusable={true}
        onClick={[Function]}
        onResponderGrant={[Function]}
        onResponderMove={[Function]}
        onResponderRelease={[Function]}
        onResponderTerminate={[Function]}
        onResponderTerminationRequest={[Function]}
        onStartShouldSetResponder={[Function]}
        style={
          {
            "alignItems": "center",
            "backgroundColor": "#C1D1EA",
            "borderBottomLeftRadius": 6,
            "borderBottomRightRadius": 6,
            "borderTopLeftRadius": 6,
            "borderTopRightRadius": 6,
            "height": 32,
            "justifyContent": "center",
            "marginLeft": 12,
            "marginTop": 4,
            "opacity": 1,
            "width": 32,
          }
        }
      >
        <Text
          style={
            [
              {
                "color": "#0D141F",
              },
            ]
          }
        >
          4
        </Text>
      </View>
      <View
        accessibilityState={
          {
            "busy": undefined,
            "checked": undefined,
            "disabled": false,
            "expanded": undefined,
            "selected": undefined,
          }
        }
        accessibilityValue={
          {
            "max": undefined,
            "min": undefined,
            "now": undefined,
            "text": undefined,
          }
        }
        accessible={true}
        collapsable={false}
        focusable={true}
        onClick={[Function]}
        onResponderGrant={[Function]}
        onResponderMove={[Function]}
        onResponderRelease={[Function]}
        onResponderTerminate={[Function]}
        onResponderTerminationRequest={[Function]}
        onStartShouldSetResponder={[Function]}
        style={
          {
            "alignItems": "center",
            "backgroundColor": "#C1D1EA",
            "borderBottomLeftRadius": 6,
            "borderBottomRightRadius": 6,
            "borderTopLeftRadius": 6,
            "borderTopRightRadius": 6,
            "height": 32,
            "justifyContent": "center",
            "marginLeft": 12,
            "marginTop": 4,
            "opacity": 1,
            "width": 32,
          }
        }
      >
        <Text
          style={
            [
              {
                "color": "#0D141F",
              },
            ]
          }
        >
          5
        </Text>
      </View>
      <View
        accessibilityState={
          {
            "busy": undefined,
            "checked": undefined,
            "disabled": false,
            "expanded": undefined,
            "selected": undefined,
          }
        }
        accessibilityValue={
          {
            "max": undefined,
            "min": undefined,
            "now": undefined,
            "text": undefined,
          }
        }
        accessible={true}
        collapsable={false}
        focusable={true}
        onClick={[Function]}
        onResponderGrant={[Function]}
        onResponderMove={[Function]}
        onResponderRelease={[Function]}
        onResponderTerminate={[Function]}
        onResponderTerminationRequest={[Function]}
        onStartShouldSetResponder={[Function]}
        style={
          {
            "alignItems": "center",
            "backgroundColor": "#C1D1EA",
            "borderBottomLeftRadius": 6,
            "borderBottomRightRadius": 6,
            "borderTopLeftRadius": 6,
            "borderTopRightRadius": 6,
            "height": 32,
            "justifyContent": "center",
            "marginLeft": 12,
            "marginTop": 4,
            "opacity": 1,
            "width": 32,
          }
        }
      >
        <Text
          style={
            [
              {
                "color": "#0D141F",
              },
            ]
          }
        >
          6
        </Text>
      </View>
      <View
        accessibilityState={
          {
            "busy": undefined,
            "checked": undefined,
            "disabled": false,
            "expanded": undefined,
            "selected": undefined,
          }
        }
        accessibilityValue={
          {
            "max": undefined,
            "min": undefined,
            "now": undefined,
            "text": undefined,
          }
        }
        accessible={true}
        collapsable={false}
        focusable={true}
        onClick={[Function]}
        onResponderGrant={[Function]}
        onResponderMove={[Function]}
        onResponderRelease={[Function]}
        onResponderTerminate={[Function]}
        onResponderTerminationRequest={[Function]}
        onStartShouldSetResponder={[Function]}
        style={
          {
            "alignItems": "center",
            "backgroundColor": "#C1D1EA",
            "borderBottomLeftRadius": 6,
            "borderBottomRightRadius": 6,
            "borderTopLeftRadius": 6,
            "borderTopRightRadius": 6,
            "height": 32,
            "justifyContent": "center",
            "marginLeft": 12,
            "marginTop": 4,
            "opacity": 1,
            "width": 32,
          }
        }
      >
        <Text
          style={
            [
              {
                "color": "#0D141F",
              },
            ]
          }
        >
          7
        </Text>
      </View>
      <View
        accessibilityState={
          {
            "busy": undefined,
            "checked": undefined,
            "disabled": false,
            "expanded": undefined,
            "selected": undefined,
          }
        }
        accessibilityValue={
          {
            "max": undefined,
            "min": undefined,
            "now": undefined,
            "text": undefined,
          }
        }
        accessible={true}
        collapsable={false}
        focusable={true}
        onClick={[Function]}
        onResponderGrant={[Function]}
        onResponderMove={[Function]}
        onResponderRelease={[Function]}
        onResponderTerminate={[Function]}
        onResponderTerminationRequest={[Function]}
        onStartShouldSetResponder={[Function]}
        style={
          {
            "alignItems": "center",
            "backgroundColor": "#C1D1EA",
            "borderBottomLeftRadius": 6,
            "borderBottomRightRadius": 6,
            "borderTopLeftRadius": 6,
            "borderTopRightRadius": 6,
            "height": 32,
            "justifyContent": "center",
            "marginLeft": 12,
            "marginTop": 4,
            "opacity": 1,
            "width": 32,
          }
        }
      >
        <Text
          style={
            [
              {
                "color": "#0D141F",
              },
            ]
          }
        >
          8
        </Text>
      </View>
    </View>
    <View
      style={
        [
          {
            "flexDirection": "row",
          },
          {
            "marginLeft": -12,
          },
          {
            "marginTop": -4,
          },
          {
            "justifyContent": "center",
          },
          [
            {
              "marginLeft": 2,
              "marginTop": 2,
            },
          ],
        ]
      }
    >
      <View
        accessibilityState={
          {
            "busy": undefined,
            "checked": undefined,
            "disabled": false,
            "expanded": undefined,
            "selected": undefined,
          }
        }
        accessibilityValue={
          {
            "max": undefined,
            "min": undefined,
            "now": undefined,
            "text": undefined,
          }
        }
        accessible={true}
        collapsable={false}
        focusable={true}
        onClick={[Function]}
        onResponderGrant={[Function]}
        onResponderMove={[Function]}
        onResponderRelease={[Function]}
        onResponderTerminate={[Function]}
        onResponderTerminationRequest={[Function]}
        onStartShouldSetResponder={[Function]}
        style={
          {
            "alignItems": "center",
            "backgroundColor": "#C1D1EA",
            "borderBottomLeftRadius": 6,
            "borderBottomRightRadius": 6,
            "borderTopLeftRadius": 6,
            "borderTopRightRadius": 6,
            "height": 32,
            "justifyContent": "center",
            "marginLeft": 12,
            "marginTop": 4,
            "opacity": 1,
            "width": 32,
          }
        }
      >
        <Text
          style={
            [
              {
                "color": "#0D141F",
              },
            ]
          }
        >
          9
        </Text>
      </View>
      <View
        accessibilityState={
          {
            "busy": undefined,
            "checked": undefined,
            "disabled": false,
            "expanded": undefined,
            "selected": undefined,
          }
        }
        accessibilityValue={
          {
            "max": undefined,
            "min": undefined,
            "now": undefined,
            "text": undefined,
          }
        }
        accessible={true}
        collapsable={false}
        focusable={true}
        onClick={[Function]}
        onResponderGrant={[Function]}
        onResponderMove={[Function]}
        onResponderRelease={[Function]}
        onResponderTerminate={[Function]}
        onResponderTerminationRequest={[Function]}
        onStartShouldSetResponder={[Function]}
        style={
          {
            "alignItems": "center",
            "backgroundColor": "#3763A4",
            "borderBottomLeftRadius": 6,
            "borderBottomRightRadius": 6,
            "borderTopLeftRadius": 6,
            "borderTopRightRadius": 6,
            "height": 32,
            "justifyContent": "center",
            "marginLeft": 12,
            "marginTop": 4,
            "opacity": 1,
            "width": 32,
          }
        }
      >
        <Text
          style={
            [
              {
                "color": "#F8F9FA",
              },
              {
                "fontWeight": "700",
              },
            ]
          }
        >
          10
        </Text>
      </View>
      <View
        accessibilityState={
          {
            "busy": undefined,
            "checked": undefined,
            "disabled": false,
            "expanded": undefined,
            "selected": undefined,
          }
        }
        accessibilityValue={
          {
            "max": undefined,
            "min": undefined,
            "now": undefined,
            "text": undefined,
          }
        }
        accessible={true}
        collapsable={false}
        focusable={true}
        onClick={[Function]}
        onResponderGrant={[Function]}
        onResponderMove={[Function]}
        onResponderRelease={[Function]}
        onResponderTerminate={[Function]}
        onResponderTerminationRequest={[Function]}
        onStartShouldSetResponder={[Function]}
        style={
          {
            "alignItems": "center",
            "backgroundColor": "#C1D1EA",
            "borderBottomLeftRadius": 6,
            "borderBottomRightRadius": 6,
            "borderTopLeftRadius": 6,
            "borderTopRightRadius": 6,
            "height": 32,
            "justifyContent": "center",
            "marginLeft": 12,
            "marginTop": 4,
            "opacity": 1,
            "width": 32,
          }
        }
      >
        <Text
          style={
            [
              {
                "color": "#0D141F",
              },
            ]
          }
        >
          11
        </Text>
      </View>
      <View
        accessibilityState={
          {
            "busy": undefined,
            "checked": undefined,
            "disabled": false,
            "expanded": undefined,
            "selected": undefined,
          }
        }
        accessibilityValue={
          {
            "max": undefined,
            "min": undefined,
            "now": undefined,
            "text": undefined,
          }
        }
        accessible={true}
        collapsable={false}
        focusable={true}
        onClick={[Function]}
        onResponderGrant={[Function]}
        onResponderMove={[Function]}
        onResponderRelease={[Function]}
        onResponderTerminate={[Function]}
        onResponderTerminationRequest={[Function]}
        onStartShouldSetResponder={[Function]}
        style={
          {
            "alignItems": "center",
            "backgroundColor": "#C1D1EA",
            "borderBottomLeftRadius": 6,
            "borderBottomRightRadius": 6,
            "borderTopLeftRadius": 6,
            "borderTopRightRadius": 6,
            "height": 32,
            "justifyContent": "center",
            "marginLeft": 12,
            "marginTop": 4,
            "opacity": 1,
            "width": 32,
          }
        }
      >
        <Text
          style={
            [
              {
                "color": "#0D141F",
              },
            ]
          }
        >
          12
        </Text>
      </View>
      <View
        accessibilityState={
          {
            "busy": undefined,
            "checked": undefined,
            "disabled": false,
            "expanded": undefined,
            "selected": undefined,
          }
        }
        accessibilityValue={
          {
            "max": undefined,
            "min": undefined,
            "now": undefined,
            "text": undefined,
          }
        }
        accessible={true}
        collapsable={false}
        focusable={true}
        onClick={[Function]}
        onResponderGrant={[Function]}
        onResponderMove={[Function]}
        onResponderRelease={[Function]}
        onResponderTerminate={[Function]}
        onResponderTerminationRequest={[Function]}
        onStartShouldSetResponder={[Function]}
        style={
          {
            "alignItems": "center",
            "backgroundColor": "#C1D1EA",
            "borderBottomLeftRadius": 6,
            "borderBottomRightRadius": 6,
            "borderTopLeftRadius": 6,
            "borderTopRightRadius": 6,
            "height": 32,
            "justifyContent": "center",
            "marginLeft": 12,
            "marginTop": 4,
            "opacity": 1,
            "width": 32,
          }
        }
      >
        <Text
          style={
            [
              {
                "color": "#0D141F",
              },
            ]
          }
        >
          13
        </Text>
      </View>
      <View
        accessibilityState={
          {
            "busy": undefined,
            "checked": undefined,
            "disabled": false,
            "expanded": undefined,
            "selected": undefined,
          }
        }
        accessibilityValue={
          {
            "max": undefined,
            "min": undefined,
            "now": undefined,
            "text": undefined,
          }
        }
        accessible={true}
        collapsable={false}
        focusable={true}
        onClick={[Function]}
        onResponderGrant={[Function]}
        onResponderMove={[Function]}
        onResponderRelease={[Function]}
        onResponderTerminate={[Function]}
        onResponderTerminationRequest={[Function]}
        onStartShouldSetResponder={[Function]}
        style={
          {
            "alignItems": "center",
            "backgroundColor": "#C1D1EA",
            "borderBottomLeftRadius": 6,
            "borderBottomRightRadius": 6,
            "borderTopLeftRadius": 6,
            "borderTopRightRadius": 6,
            "height": 32,
            "justifyContent": "center",
            "marginLeft": 12,
            "marginTop": 4,
            "opacity": 1,
            "width": 32,
          }
        }
      >
        <Text
          style={
            [
              {
                "color": "#0D141F",
              },
            ]
          }
        >
          14
        </Text>
      </View>
      <View
        accessibilityState={
          {
            "busy": undefined,
            "checked": undefined,
            "disabled": false,
            "expanded": undefined,
            "selected": undefined,
          }
        }
        accessibilityValue={
          {
            "max": undefined,
            "min": undefined,
            "now": undefined,
            "text": undefined,
          }
        }
        accessible={true}
        collapsable={false}
        focusable={true}
        onClick={[Function]}
        onResponderGrant={[Function]}
        onResponderMove={[Function]}
        onResponderRelease={[Function]}
        onResponderTerminate={[Function]}
        onResponderTerminationRequest={[Function]}
        onStartShouldSetResponder={[Function]}
        style={
          {
            "alignItems": "center",
            "backgroundColor": "#C1D1EA",
            "borderBottomLeftRadius": 6,
            "borderBottomRightRadius": 6,
            "borderTopLeftRadius": 6,
            "borderTopRightRadius": 6,
            "height": 32,
            "justifyContent": "center",
            "marginLeft": 12,
            "marginTop": 4,
            "opacity": 1,
            "width": 32,
          }
        }
      >
        <Text
          style={
            [
              {
                "color": "#0D141F",
              },
            ]
          }
        >
          15
        </Text>
      </View>
    </View>
    <View
      style={
        [
          {
            "flexDirection": "row",
          },
          {
            "marginLeft": -12,
          },
          {
            "marginTop": -4,
          },
          {
            "justifyContent": "center",
          },
          [
            {
              "marginLeft": 2,
              "marginTop": 2,
            },
          ],
        ]
      }
    >
      <View
        accessibilityState={
          {
            "busy": undefined,
            "checked": undefined,
            "disabled": false,
            "expanded": undefined,
            "selected": undefined,
          }
        }
        accessibilityValue={
          {
            "max": undefined,
            "min": undefined,
            "now": undefined,
            "text": undefined,
          }
        }
        accessible={true}
        collapsable={false}
        focusable={true}
        onClick={[Function]}
        onResponderGrant={[Function]}
        onResponderMove={[Function]}
        onResponderRelease={[Function]}
        onResponderTerminate={[Function]}
        onResponderTerminationRequest={[Function]}
        onStartShouldSetResponder={[Function]}
        style={
          {
            "alignItems": "center",
            "backgroundColor": "#C1D1EA",
            "borderBottomLeftRadius": 6,
            "borderBottomRightRadius": 6,
            "borderTopLeftRadius": 6,
            "borderTopRightRadius": 6,
            "height": 32,
            "justifyContent": "center",
            "marginLeft": 12,
            "marginTop": 4,
            "opacity": 1,
            "width": 32,
          }
        }
      >
        <Text
          style={
            [
              {
                "color": "#0D141F",
              },
            ]
          }
        >
          16
        </Text>
      </View>
      <View
        accessibilityState={
          {
            "busy": undefined,
            "checked": undefined,
            "disabled": false,
            "expanded": undefined,
            "selected": undefined,
          }
        }
        accessibilityValue={
          {
            "max": undefined,
            "min": undefined,
            "now": undefined,
            "text": undefined,
          }
        }
        accessible={true}
        collapsable={false}
        focusable={true}
        onClick={[Function]}
        onResponderGrant={[Function]}
        onResponderMove={[Function]}
        onResponderRelease={[Function]}
        onResponderTerminate={[Function]}
        onResponderTerminationRequest={[Function]}
        onStartShouldSetResponder={[Function]}
        style={
          {
            "alignItems": "center",
            "backgroundColor": "#C1D1EA",
            "borderBottomLeftRadius": 6,
            "borderBottomRightRadius": 6,
            "borderTopLeftRadius": 6,
            "borderTopRightRadius": 6,
            "height": 32,
            "justifyContent": "center",
            "marginLeft": 12,
            "marginTop": 4,
            "opacity": 1,
            "width": 32,
          }
        }
      >
        <Text
          style={
            [
              {
                "color": "#0D141F",
              },
            ]
          }
        >
          17
        </Text>
      </View>
      <View
        accessibilityState={
          {
            "busy": undefined,
            "checked": undefined,
            "disabled": false,
            "expanded": undefined,
            "selected": undefined,
          }
        }
        accessibilityValue={
          {
            "max": undefined,
            "min": undefined,
            "now": undefined,
            "text": undefined,
          }
        }
        accessible={true}
        collapsable={false}
        focusable={true}
        onClick={[Function]}
        onResponderGrant={[Function]}
        onResponderMove={[Function]}
        onResponderRelease={[Function]}
        onResponderTerminate={[Function]}
        onResponderTerminationRequest={[Function]}
        onStartShouldSetResponder={[Function]}
        style={
          {
            "alignItems": "center",
            "backgroundColor": "#C1D1EA",
            "borderBottomLeftRadius": 6,
            "borderBottomRightRadius": 6,
            "borderTopLeftRadius": 6,
            "borderTopRightRadius": 6,
            "height": 32,
            "justifyContent": "center",
            "marginLeft": 12,
            "marginTop": 4,
            "opacity": 1,
            "width": 32,
          }
        }
      >
        <Text
          style={
            [
              {
                "color": "#0D141F",
              },
            ]
          }
        >
          18
        </Text>
      </View>
      <View
        accessibilityState={
          {
            "busy": undefined,
            "checked": undefined,
            "disabled": false,
            "expanded": undefined,
            "selected": undefined,
          }
        }
        accessibilityValue={
          {
            "max": undefined,
            "min": undefined,
            "now": undefined,
            "text": undefined,
          }
        }
        accessible={true}
        collapsable={false}
        focusable={true}
        onClick={[Function]}
        onResponderGrant={[Function]}
        onResponderMove={[Function]}
        onResponderRelease={[Function]}
        onResponderTerminate={[Function]}
        onResponderTerminationRequest={[Function]}
        onStartShouldSetResponder={[Function]}
        style={
          {
            "alignItems": "center",
            "backgroundColor": "#C1D1EA",
            "borderBottomLeftRadius": 6,
            "borderBottomRightRadius": 6,
            "borderTopLeftRadius": 6,
            "borderTopRightRadius": 6,
            "height": 32,
            "justifyContent": "center",
            "marginLeft": 12,
            "marginTop": 4,
            "opacity": 1,
            "width": 32,
          }
        }
      >
        <Text
          style={
            [
              {
                "color": "#0D141F",
              },
            ]
          }
        >
          19
        </Text>
      </View>
      <View
        accessibilityState={
          {
            "busy": undefined,
            "checked": undefined,
            "disabled": false,
            "expanded": undefined,
            "selected": undefined,
          }
        }
        accessibilityValue={
          {
            "max": undefined,
            "min": undefined,
            "now": undefined,
            "text": undefined,
          }
        }
        accessible={true}
        collapsable={false}
        focusable={true}
        onClick={[Function]}
        onResponderGrant={[Function]}
        onResponderMove={[Function]}
        onResponderRelease={[Function]}
        onResponderTerminate={[Function]}
        onResponderTerminationRequest={[Function]}
        onStartShouldSetResponder={[Function]}
        style={
          {
            "alignItems": "center",
            "backgroundColor": "#C1D1EA",
            "borderBottomLeftRadius": 6,
            "borderBottomRightRadius": 6,
            "borderTopLeftRadius": 6,
            "borderTopRightRadius": 6,
            "height": 32,
            "justifyContent": "center",
            "marginLeft": 12,
            "marginTop": 4,
            "opacity": 1,
            "width": 32,
          }
        }
      >
        <Text
          style={
            [
              {
                "color": "#0D141F",
              },
            ]
          }
        >
          20
        </Text>
      </View>
      <View
        accessibilityState={
          {
            "busy": undefined,
            "checked": undefined,
            "disabled": false,
            "expanded": undefined,
            "selected": undefined,
          }
        }
        accessibilityValue={
          {
            "max": undefined,
            "min": undefined,
            "now": undefined,
            "text": undefined,
          }
        }
        accessible={true}
        collapsable={false}
        focusable={true}
        onClick={[Function]}
        onResponderGrant={[Function]}
        onResponderMove={[Function]}
        onResponderRelease={[Function]}
        onResponderTerminate={[Function]}
        onResponderTerminationRequest={[Function]}
        onStartShouldSetResponder={[Function]}
        style={
          {
            "alignItems": "center",
            "backgroundColor": "#C1D1EA",
            "borderBottomLeftRadius": 6,
            "borderBottomRightRadius": 6,
            "borderTopLeftRadius": 6,
            "borderTopRightRadius": 6,
            "height": 32,
            "justifyContent": "center",
            "marginLeft": 12,
            "marginTop": 4,
            "opacity": 1,
            "width": 32,
          }
        }
      >
        <Text
          style={
            [
              {
                "color": "#0D141F",
              },
            ]
          }
        >
          21
        </Text>
      </View>
      <View
        accessibilityState={
          {
            "busy": undefined,
            "checked": undefined,
            "disabled": false,
            "expanded": undefined,
            "selected": undefined,
          }
        }
        accessibilityValue={
          {
            "max": undefined,
            "min": undefined,
            "now": undefined,
            "text": undefined,
          }
        }
        accessible={true}
        collapsable={false}
        focusable={true}
        onClick={[Function]}
        onResponderGrant={[Function]}
        onResponderMove={[Function]}
        onResponderRelease={[Function]}
        onResponderTerminate={[Function]}
        onResponderTerminationRequest={[Function]}
        onStartShouldSetResponder={[Function]}
        style={
          {
            "alignItems": "center",
            "backgroundColor": "#C1D1EA",
            "borderBottomLeftRadius": 6,
            "borderBottomRightRadius": 6,
            "borderTopLeftRadius": 6,
            "borderTopRightRadius": 6,
            "height": 32,
            "justifyContent": "center",
            "marginLeft": 12,
            "marginTop": 4,
            "opacity": 1,
            "width": 32,
          }
        }
      >
        <Text
          style={
            [
              {
                "color": "#0D141F",
              },
            ]
          }
        >
          22
        </Text>
      </View>
    </View>
    <View
      style={
        [
          {
            "flexDirection": "row",
          },
          {
            "marginLeft": -12,
          },
          {
            "marginTop": -4,
          },
          {
            "justifyContent": "center",
          },
          [
            {
              "marginLeft": 2,
              "marginTop": 2,
            },
          ],
        ]
      }
    >
      <View
        accessibilityState={
          {
            "busy": undefined,
            "checked": undefined,
            "disabled": false,
            "expanded": undefined,
            "selected": undefined,
          }
        }
        accessibilityValue={
          {
            "max": undefined,
            "min": undefined,
            "now": undefined,
            "text": undefined,
          }
        }
        accessible={true}
        collapsable={false}
        focusable={true}
        onClick={[Function]}
        onResponderGrant={[Function]}
        onResponderMove={[Function]}
        onResponderRelease={[Function]}
        onResponderTerminate={[Function]}
        onResponderTerminationRequest={[Function]}
        onStartShouldSetResponder={[Function]}
        style={
          {
            "alignItems": "center",
            "backgroundColor": "#C1D1EA",
            "borderBottomLeftRadius": 6,
            "borderBottomRightRadius": 6,
            "borderTopLeftRadius": 6,
            "borderTopRightRadius": 6,
            "height": 32,
            "justifyContent": "center",
            "marginLeft": 12,
            "marginTop": 4,
            "opacity": 1,
            "width": 32,
          }
        }
      >
        <Text
          style={
            [
              {
                "color": "#0D141F",
              },
            ]
          }
        >
          23
        </Text>
      </View>
      <View
        accessibilityState={
          {
            "busy": undefined,
            "checked": undefined,
            "disabled": false,
            "expanded": undefined,
            "selected": undefined,
          }
        }
        accessibilityValue={
          {
            "max": undefined,
            "min": undefined,
            "now": undefined,
            "text": undefined,
          }
        }
        accessible={true}
        collapsable={false}
        focusable={true}
        onClick={[Function]}
        onResponderGrant={[Function]}
        onResponderMove={[Function]}
        onResponderRelease={[Function]}
        onResponderTerminate={[Function]}
        onResponderTerminationRequest={[Function]}
        onStartShouldSetResponder={[Function]}
        style={
          {
            "alignItems": "center",
            "backgroundColor": "#C1D1EA",
            "borderBottomLeftRadius": 6,
            "borderBottomRightRadius": 6,
            "borderTopLeftRadius": 6,
            "borderTopRightRadius": 6,
            "height": 32,
            "justifyContent": "center",
            "marginLeft": 12,
            "marginTop": 4,
            "opacity": 1,
            "width": 32,
          }
        }
      >
        <Text
          style={
            [
              {
                "color": "#0D141F",
              },
            ]
          }
        >
          24
        </Text>
      </View>
      <View
        accessibilityState={
          {
            "busy": undefined,
            "checked": undefined,
            "disabled": false,
            "expanded": undefined,
            "selected": undefined,
          }
        }
        accessibilityValue={
          {
            "max": undefined,
            "min": undefined,
            "now": undefined,
            "text": undefined,
          }
        }
        accessible={true}
        collapsable={false}
        focusable={true}
        onClick={[Function]}
        onResponderGrant={[Function]}
        onResponderMove={[Function]}
        onResponderRelease={[Function]}
        onResponderTerminate={[Function]}
        onResponderTerminationRequest={[Function]}
        onStartShouldSetResponder={[Function]}
        style={
          {
            "alignItems": "center",
            "backgroundColor": "#C1D1EA",
            "borderBottomLeftRadius": 6,
            "borderBottomRightRadius": 6,
            "borderTopLeftRadius": 6,
            "borderTopRightRadius": 6,
            "height": 32,
            "justifyContent": "center",
            "marginLeft": 12,
            "marginTop": 4,
            "opacity": 1,
            "width": 32,
          }
        }
      >
        <Text
          style={
            [
              {
                "color": "#0D141F",
              },
            ]
          }
        >
          25
        </Text>
      </View>
      <View
        accessibilityState={
          {
            "busy": undefined,
            "checked": undefined,
            "disabled": false,
            "expanded": undefined,
            "selected": undefined,
          }
        }
        accessibilityValue={
          {
            "max": undefined,
            "min": undefined,
            "now": undefined,
            "text": undefined,
          }
        }
        accessible={true}
        collapsable={false}
        focusable={true}
        onClick={[Function]}
        onResponderGrant={[Function]}
        onResponderMove={[Function]}
        onResponderRelease={[Function]}
        onResponderTerminate={[Function]}
        onResponderTerminationRequest={[Function]}
        onStartShouldSetResponder={[Function]}
        style={
          {
            "alignItems": "center",
            "backgroundColor": "#C1D1EA",
            "borderBottomLeftRadius": 6,
            "borderBottomRightRadius": 6,
            "borderTopLeftRadius": 6,
            "borderTopRightRadius": 6,
            "height": 32,
            "justifyContent": "center",
            "marginLeft": 12,
            "marginTop": 4,
            "opacity": 1,
            "width": 32,
          }
        }
      >
        <Text
          style={
            [
              {
                "color": "#0D141F",
              },
            ]
          }
        >
          26
        </Text>
      </View>
      <View
        accessibilityState={
          {
            "busy": undefined,
            "checked": undefined,
            "disabled": false,
            "expanded": undefined,
            "selected": undefined,
          }
        }
        accessibilityValue={
          {
            "max": undefined,
            "min": undefined,
            "now": undefined,
            "text": undefined,
          }
        }
        accessible={true}
        collapsable={false}
        focusable={true}
        onClick={[Function]}
        onResponderGrant={[Function]}
        onResponderMove={[Function]}
        onResponderRelease={[Function]}
        onResponderTerminate={[Function]}
        onResponderTerminationRequest={[Function]}
        onStartShouldSetResponder={[Function]}
        style={
          {
            "alignItems": "center",
            "backgroundColor": "#C1D1EA",
            "borderBottomLeftRadius": 6,
            "borderBottomRightRadius": 6,
            "borderTopLeftRadius": 6,
            "borderTopRightRadius": 6,
            "height": 32,
            "justifyContent": "center",
            "marginLeft": 12,
            "marginTop": 4,
            "opacity": 1,
            "width": 32,
          }
        }
      >
        <Text
          style={
            [
              {
                "color": "#0D141F",
              },
            ]
          }
        >
          27
        </Text>
      </View>
      <View
        accessibilityState={
          {
            "busy": undefined,
            "checked": undefined,
            "disabled": false,
            "expanded": undefined,
            "selected": undefined,
          }
        }
        accessibilityValue={
          {
            "max": undefined,
            "min": undefined,
            "now": undefined,
            "text": undefined,
          }
        }
        accessible={true}
        collapsable={false}
        focusable={true}
        onClick={[Function]}
        onResponderGrant={[Function]}
        onResponderMove={[Function]}
        onResponderRelease={[Function]}
        onResponderTerminate={[Function]}
        onResponderTerminationRequest={[Function]}
        onStartShouldSetResponder={[Function]}
        style={
          {
            "alignItems": "center",
            "backgroundColor": "#C1D1EA",
            "borderBottomLeftRadius": 6,
            "borderBottomRightRadius": 6,
            "borderTopLeftRadius": 6,
            "borderTopRightRadius": 6,
            "height": 32,
            "justifyContent": "center",
            "marginLeft": 12,
            "marginTop": 4,
            "opacity": 1,
            "width": 32,
          }
        }
      >
        <Text
          style={
            [
              {
                "color": "#0D141F",
              },
            ]
          }
        >
          28
        </Text>
      </View>
      <View
        accessibilityState={
          {
            "busy": undefined,
            "checked": undefined,
            "disabled": false,
            "expanded": undefined,
            "selected": undefined,
          }
        }
        accessibilityValue={
          {
            "max": undefined,
            "min": undefined,
            "now": undefined,
            "text": undefined,
          }
        }
        accessible={true}
        collapsable={false}
        focusable={true}
        onClick={[Function]}
        onResponderGrant={[Function]}
        onResponderMove={[Function]}
        onResponderRelease={[Function]}
        onResponderTerminate={[Function]}
        onResponderTerminationRequest={[Function]}
        onStartShouldSetResponder={[Function]}
        style={
          {
            "alignItems": "center",
            "backgroundColor": "#C1D1EA",
            "borderBottomLeftRadius": 6,
            "borderBottomRightRadius": 6,
            "borderTopLeftRadius": 6,
            "borderTopRightRadius": 6,
            "height": 32,
            "justifyContent": "center",
            "marginLeft": 12,
            "marginTop": 4,
            "opacity": 1,
            "width": 32,
          }
        }
      >
        <Text
          style={
            [
              {
                "color": "#0D141F",
              },
            ]
          }
        >
          29
        </Text>
      </View>
    </View>
    <View
      style={
        [
          {
            "flexDirection": "row",
          },
          {
            "marginLeft": -12,
          },
          {
            "marginTop": -4,
          },
          {
            "justifyContent": "center",
          },
          [
            {
              "marginLeft": 2,
              "marginTop": 2,
            },
          ],
        ]
      }
    >
      <View
        accessibilityState={
          {
            "busy": undefined,
            "checked": undefined,
            "disabled": false,
            "expanded": undefined,
            "selected": undefined,
          }
        }
        accessibilityValue={
          {
            "max": undefined,
            "min": undefined,
            "now": undefined,
            "text": undefined,
          }
        }
        accessible={true}
        collapsable={false}
        focusable={true}
        onClick={[Function]}
        onResponderGrant={[Function]}
        onResponderMove={[Function]}
        onResponderRelease={[Function]}
        onResponderTerminate={[Function]}
        onResponderTerminationRequest={[Function]}
        onStartShouldSetResponder={[Function]}
        style={
          {
            "alignItems": "center",
            "backgroundColor": "#C1D1EA",
            "borderBottomLeftRadius": 6,
            "borderBottomRightRadius": 6,
            "borderTopLeftRadius": 6,
            "borderTopRightRadius": 6,
            "height": 32,
            "justifyContent": "center",
            "marginLeft": 12,
            "marginTop": 4,
            "opacity": 1,
            "width": 32,
          }
        }
      >
        <Text
          style={
            [
              {
                "color": "#0D141F",
              },
            ]
          }
        >
          30
        </Text>
      </View>
      <View
        accessibilityState={
          {
            "busy": undefined,
            "checked": undefined,
            "disabled": false,
            "expanded": undefined,
            "selected": undefined,
          }
        }
        accessibilityValue={
          {
            "max": undefined,
            "min": undefined,
            "now": undefined,
            "text": undefined,
          }
        }
        accessible={true}
        collapsable={false}
        focusable={true}
        onClick={[Function]}
        onResponderGrant={[Function]}
        onResponderMove={[Function]}
        onResponderRelease={[Function]}
        onResponderTerminate={[Function]}
        onResponderTerminationRequest={[Function]}
        onStartShouldSetResponder={[Function]}
        style={
          {
            "alignItems": "center",
            "backgroundColor": "#C1D1EA",
            "borderBottomLeftRadius": 6,
            "borderBottomRightRadius": 6,
            "borderTopLeftRadius": 6,
            "borderTopRightRadius": 6,
            "height": 32,
            "justifyContent": "center",
            "marginLeft": 12,
            "marginTop": 4,
            "opacity": 1,
            "width": 32,
          }
        }
      >
        <Text
          style={
            [
              {
                "color": "#0D141F",
              },
            ]
          }
        >
          31
        </Text>
      </View>
      <View
        accessibilityState={
          {
            "busy": undefined,
            "checked": undefined,
            "disabled": false,
            "expanded": undefined,
            "selected": undefined,
          }
        }
        accessibilityValue={
          {
            "max": undefined,
            "min": undefined,
            "now": undefined,
            "text": undefined,
          }
        }
        accessible={true}
        collapsable={false}
        focusable={true}
        onClick={[Function]}
        onResponderGrant={[Function]}
        onResponderMove={[Function]}
        onResponderRelease={[Function]}
        onResponderTerminate={[Function]}
        onResponderTerminationRequest={[Function]}
        onStartShouldSetResponder={[Function]}
        style={
          {
            "alignItems": "center",
            "backgroundColor": "#C1D1EA",
            "borderBottomLeftRadius": 6,
            "borderBottomRightRadius": 6,
            "borderTopLeftRadius": 6,
            "borderTopRightRadius": 6,
            "height": 32,
            "justifyContent": "center",
            "marginLeft": 12,
            "marginTop": 4,
            "opacity": 1,
            "width": 32,
          }
        }
      >
        <Text
          style={
            [
              {
                "color": "#0D141F",
              },
            ]
          }
        >
          1
        </Text>
      </View>
      <View
        accessibilityState={
          {
            "busy": undefined,
            "checked": undefined,
            "disabled": false,
            "expanded": undefined,
            "selected": undefined,
          }
        }
        accessibilityValue={
          {
            "max": undefined,
            "min": undefined,
            "now": undefined,
            "text": undefined,
          }
        }
        accessible={true}
        collapsable={false}
        focusable={true}
        onClick={[Function]}
        onResponderGrant={[Function]}
        onResponderMove={[Function]}
        onResponderRelease={[Function]}
        onResponderTerminate={[Function]}
        onResponderTerminationRequest={[Function]}
        onStartShouldSetResponder={[Function]}
        style={
          {
            "alignItems": "center",
            "backgroundColor": "#C1D1EA",
            "borderBottomLeftRadius": 6,
            "borderBottomRightRadius": 6,
            "borderTopLeftRadius": 6,
            "borderTopRightRadius": 6,
            "height": 32,
            "justifyContent": "center",
            "marginLeft": 12,
            "marginTop": 4,
            "opacity": 1,
            "width": 32,
          }
        }
      >
        <Text
          style={
            [
              {
                "color": "#0D141F",
              },
            ]
          }
        >
          2
        </Text>
      </View>
      <View
        accessibilityState={
          {
            "busy": undefined,
            "checked": undefined,
            "disabled": false,
            "expanded": undefined,
            "selected": undefined,
          }
        }
        accessibilityValue={
          {
            "max": undefined,
            "min": undefined,
            "now": undefined,
            "text": undefined,
          }
        }
        accessible={true}
        collapsable={false}
        focusable={true}
        onClick={[Function]}
        onResponderGrant={[Function]}
        onResponderMove={[Function]}
        onResponderRelease={[Function]}
        onResponderTerminate={[Function]}
        onResponderTerminationRequest={[Function]}
        onStartShouldSetResponder={[Function]}
        style={
          {
            "alignItems": "center",
            "backgroundColor": "#C1D1EA",
            "borderBottomLeftRadius": 6,
            "borderBottomRightRadius": 6,
            "borderTopLeftRadius": 6,
            "borderTopRightRadius": 6,
            "height": 32,
            "justifyContent": "center",
            "marginLeft": 12,
            "marginTop": 4,
            "opacity": 1,
            "width": 32,
          }
        }
      >
        <Text
          style={
            [
              {
                "color": "#0D141F",
              },
            ]
          }
        >
          3
        </Text>
      </View>
      <View
        accessibilityState={
          {
            "busy": undefined,
            "checked": undefined,
            "disabled": false,
            "expanded": undefined,
            "selected": undefined,
          }
        }
        accessibilityValue={
          {
            "max": undefined,
            "min": undefined,
            "now": undefined,
            "text": undefined,
          }
        }
        accessible={true}
        collapsable={false}
        focusable={true}
        onClick={[Function]}
        onResponderGrant={[Function]}
        onResponderMove={[Function]}
        onResponderRelease={[Function]}
        onResponderTerminate={[Function]}
        onResponderTerminationRequest={[Function]}
        onStartShouldSetResponder={[Function]}
        style={
          {
            "alignItems": "center",
            "backgroundColor": "#C1D1EA",
            "borderBottomLeftRadius": 6,
            "borderBottomRightRadius": 6,
            "borderTopLeftRadius": 6,
            "borderTopRightRadius": 6,
            "height": 32,
            "justifyContent": "center",
            "marginLeft": 12,
            "marginTop": 4,
            "opacity": 1,
            "width": 32,
          }
        }
      >
        <Text
          style={
            [
              {
                "color": "#0D141F",
              },
            ]
          }
        >
          4
        </Text>
      </View>
      <View
        accessibilityState={
          {
            "busy": undefined,
            "checked": undefined,
            "disabled": false,
            "expanded": undefined,
            "selected": undefined,
          }
        }
        accessibilityValue={
          {
            "max": undefined,
            "min": undefined,
            "now": undefined,
            "text": undefined,
          }
        }
        accessible={true}
        collapsable={false}
        focusable={true}
        onClick={[Function]}
        onResponderGrant={[Function]}
        onResponderMove={[Function]}
        onResponderRelease={[Function]}
        onResponderTerminate={[Function]}
        onResponderTerminationRequest={[Function]}
        onStartShouldSetResponder={[Function]}
        style={
          {
            "alignItems": "center",
            "backgroundColor": "#C1D1EA",
            "borderBottomLeftRadius": 6,
            "borderBottomRightRadius": 6,
            "borderTopLeftRadius": 6,
            "borderTopRightRadius": 6,
            "height": 32,
            "justifyContent": "center",
            "marginLeft": 12,
            "marginTop": 4,
            "opacity": 1,
            "width": 32,
          }
        }
      >
        <Text
          style={
            [
              {
                "color": "#0D141F",
              },
            ]
          }
        >
          5
        </Text>
      </View>
    </View>
  </View>
</View>
`;
