// Jest Snapshot v1, https://goo.gl/fbAQLP

exports[`Header Menu Match with snapshot 1`] = `
<View
  style={
    [
      {
        "paddingLeft": 8,
        "paddingRight": 8,
      },
      {
        "flexDirection": "row",
      },
      {
        "marginLeft": 8,
        "marginRight": 8,
      },
    ]
  }
>
  <View
    accessibilityState={
      {
        "busy": undefined,
        "checked": undefined,
        "disabled": undefined,
        "expanded": undefined,
        "selected": undefined,
      }
    }
    accessibilityValue={
      {
        "max": undefined,
        "min": undefined,
        "now": undefined,
        "text": undefined,
      }
    }
    accessible={true}
    collapsable={false}
    focusable={true}
    onClick={[Function]}
    onResponderGrant={[Function]}
    onResponderMove={[Function]}
    onResponderRelease={[Function]}
    onResponderTerminate={[Function]}
    onResponderTerminationRequest={[Function]}
    onStartShouldSetResponder={[Function]}
    style={
      {
        "opacity": 1,
      }
    }
  >
    <RNSVGSvgView
      align="xMidYMid"
      bbHeight="24"
      bbWidth="24"
      color="#000"
      focusable={false}
      height={24}
      meetOrSlice={0}
      minX={0}
      minY={0}
      size={24}
      style={
        [
          {
            "backgroundColor": "transparent",
            "borderWidth": 0,
          },
          [
            undefined,
            undefined,
            {},
          ],
          {
            "flex": 0,
            "height": 24,
            "width": 24,
          },
        ]
      }
      tintColor="#000"
      vbHeight={256}
      vbWidth={256}
      width={24}
    >
      <RNSVGGroup>
        <RNSVGRect
          fill={null}
          height="256"
          propList={
            [
              "fill",
            ]
          }
          width="256"
          x="0"
          y="0"
        />
        <RNSVGLine
          propList={
            [
              "stroke",
              "strokeWidth",
              "strokeLinecap",
              "strokeLinejoin",
            ]
          }
          stroke={
            {
              "payload": 4278190080,
              "type": 0,
            }
          }
          strokeLinecap={1}
          strokeLinejoin={1}
          strokeWidth="16"
          x1="40"
          x2="216"
          y1="128"
          y2="128"
        />
        <RNSVGLine
          propList={
            [
              "stroke",
              "strokeWidth",
              "strokeLinecap",
              "strokeLinejoin",
            ]
          }
          stroke={
            {
              "payload": 4278190080,
              "type": 0,
            }
          }
          strokeLinecap={1}
          strokeLinejoin={1}
          strokeWidth="16"
          x1="40"
          x2="216"
          y1="64"
          y2="64"
        />
        <RNSVGLine
          propList={
            [
              "stroke",
              "strokeWidth",
              "strokeLinecap",
              "strokeLinejoin",
            ]
          }
          stroke={
            {
              "payload": 4278190080,
              "type": 0,
            }
          }
          strokeLinecap={1}
          strokeLinejoin={1}
          strokeWidth="16"
          x1="40"
          x2="216"
          y1="192"
          y2="192"
        />
      </RNSVGGroup>
    </RNSVGSvgView>
  </View>
  <View
    collapsable={false}
  />
</View>
`;
