// Jest Snapshot v1, https://goo.gl/fbAQLP

exports[`<Text /> renders correctly 1`] = `
<View
  style={
    [
      {
        "flexBasis": "0%",
        "flexGrow": 1,
        "flexShrink": 1,
      },
      {
        "alignItems": "center",
      },
      {
        "justifyContent": "center",
      },
      {
        "backgroundColor": "#22c55e",
      },
    ]
  }
>
  <Text
    style={
      [
        {
          "color": "#fff",
        },
      ]
    }
  >
    TESTE
  </Text>
</View>
`;
